// Jest Snapshot v1, https://goo.gl/fbAQLP

exports[`Button rendered correctly, snapshot matched 1`] = `
Array [
  <style
    dangerouslySetInnerHTML={
      Object {
        "__html": ".css-6wa4jk-StyledButtonContainer{width:100%;margin:2rem 0;}",
      }
    }
    data-emotion="css 6wa4jk-StyledButtonContainer"
  />,
  <div
    className="button__container css-6wa4jk-StyledButtonContainer ex3vgx71"
  >
    <style
      dangerouslySetInnerHTML={
        Object {
          "__html": ".css-y3ty93-StyledButton{border:1px solid #5cbabc;border-radius:0.5rem;background-color:#174f5e;width:100%;color:#ffffff;padding:0.8rem;font-weight:600;cursor:pointer;}.css-y3ty93-StyledButton:hover{background-color:#5cbabc;}",
        }
      }
      data-emotion="css y3ty93-StyledButton"
    />
    <button
      className="button css-y3ty93-StyledButton ex3vgx70"
    >
      RESULT
    </button>
  </div>,
]
`;
