// Jest Snapshot v1, https://goo.gl/fbAQLP

exports[`Footer rendered correctly 1`] = `
<footer
  className="footer"
>
  <p
    className="footer-text"
  >
    <a
      href="https://synapseteam.com"
      rel="noreferrer"
      target="_blank"
    >
      © Synapse Team LLC, 2021
    </a>
  </p>
</footer>
`;

exports[`Footer rendered correctly with dark Theme 1`] = `
<footer
  className="footer"
>
  <p
    className="footer-text"
  >
    <a
      href="https://synapseteam.com"
      rel="noreferrer"
      target="_blank"
    >
      © Synapse Team LLC, 2021
    </a>
  </p>
</footer>
`;

exports[`Footer rendered correctly with light Theme 1`] = `
<footer
  className="footer"
>
  <p
    className="footer-text"
  >
    <a
      href="https://synapseteam.com"
      rel="noreferrer"
      target="_blank"
    >
      © Synapse Team LLC, 2021
    </a>
  </p>
</footer>
`;
