// Jest Snapshot v1, https://goo.gl/fbAQLP

exports[`Button rendered correctly, snapshot matched 1`] = `
Array [
  <style
    dangerouslySetInnerHTML={
      Object {
        "__html": ".css-15lh1gu-buttonContainer{width:100%;margin:2rem 0;}",
      }
    }
    data-emotion="css 15lh1gu-buttonContainer"
  />,
  <div
    className="button__container css-15lh1gu-buttonContainer"
  >
    <style
      dangerouslySetInnerHTML={
        Object {
          "__html": ".css-lcahke-button{border:1px solid #5cbabc;border-radius:0.5rem;background-color:#174f5e;width:100%;color:#ffffff;padding:0.8rem;font-weight:600;cursor:pointer;}.css-lcahke-button:hover{background-color:#5cbabc;}",
        }
      }
      data-emotion="css lcahke-button"
    />
    <button
      className="button css-lcahke-button"
      color="red"
      type="submit"
    >
      RESULT
    </button>
  </div>,
]
`;
