// Jest Snapshot v1, https://goo.gl/fbAQLP

exports[`Form component snapshot test 1`] = `
<div
  className="css-1v86ben-StylesContainer e6voiva1"
>
  <form
    className="css-1p4t8xb-StyledForm e6voiva0"
    id="calc-form"
    onSubmit={[Function]}
  >
    <label
      className="input__label css-rqm9rb-StyledLabel e1bg0i6e0"
    >
      Price
      :
      <input
        autoComplete="off"
        className="input css-kw93hu-StyledInput e1waaif10"
        inputMode="decimal"
        name="price"
        onBlur={[Function]}
        onChange={[Function]}
        placeholder="20.30"
        type="text"
      />
    </label>
    <label
      className="input__label css-rqm9rb-StyledLabel e1bg0i6e0"
    >
      Time
      :
      <input
        autoComplete="off"
        className="input css-kw93hu-StyledInput e1waaif10"
        inputMode="decimal"
        name="time"
        onBlur={[Function]}
        onChange={[Function]}
        placeholder="HH:MM"
        type="text"
      />
    </label>
    <label
      className="select__label css-rqm9rb-StyledLabel e1bg0i6e0"
    >
      Currency
      :
      <select
        className="select css-nn1g6a-StyledSelect e1q41qb90"
        name="currency"
        onBlur={[Function]}
        onChange={[Function]}
        value="USD"
      >
        <option
          className="select__option"
          value="USD"
        >
          USD
        </option>
        <option
          className="select__option"
          value="EUR"
        >
          EUR
        </option>
        <option
          className="select__option"
          value="UAH"
        >
          UAH
        </option>
        <option
          className="select__option"
          value="RUB"
        >
          RUB
        </option>
      </select>
    </label>
    <label
      className="select__label css-rqm9rb-StyledLabel e1bg0i6e0"
    >
      Exchange rate
      :
      <select
        className="select css-nn1g6a-StyledSelect e1q41qb90"
        name="ratesSource"
        onBlur={[Function]}
        onChange={[Function]}
        value="MasterCard"
      >
        <option
          className="select__option"
          value="MasterCard"
        >
          MasterCard
        </option>
        <option
          className="select__option"
          value="Manual"
        >
          Manual
        </option>
      </select>
    </label>
  </form>
</div>
`;
