// Jest Snapshot v1, https://goo.gl/fbAQLP

exports[`Display component snapshot test 1`] = `
Array [
  <style
    dangerouslySetInnerHTML={
      Object {
        "__html": ".css-wcyah6-display{background-color:#31335a;border-radius:0.4rem;position:relative;width:100%;padding:3rem 2rem;display:-webkit-box;display:-webkit-flex;display:-ms-flexbox;display:flex;-webkit-flex-direction:column;-ms-flex-direction:column;flex-direction:column;-webkit-align-items:center;-webkit-box-align:center;-ms-flex-align:center;align-items:center;-webkit-box-shadow:0px 18px 23px -3px rgba(0, 0, 0, 0.51);-moz-box-shadow:0px 18px 23px -3px rgba(0, 0, 0, 0.51);box-shadow:0px 18px 23px -3px rgba(0, 0, 0, 0.51);}",
      }
    }
    data-emotion="css wcyah6-display"
  />,
  <div
    className="display css-wcyah6-display"
  >
    <style
      dangerouslySetInnerHTML={
        Object {
          "__html": ".css-19zxhyz-title{margin:0;}",
        }
      }
      data-emotion="css 19zxhyz-title"
    />
    <h2
      className="css-19zxhyz-title"
    >
      Total price
    </h2>
    <style
      dangerouslySetInnerHTML={
        Object {
          "__html": ".css-f14e0e-mainContainer{border-bottom:1px solid lighten(#31335a, 15);min-height:6.8rem;}",
        }
      }
      data-emotion="css f14e0e-mainContainer"
    />
    <div
      className="css-f14e0e-mainContainer"
    >
      <style
        dangerouslySetInnerHTML={
          Object {
            "__html": ".css-xrebjd-sum{color:#5599ec;font-weight:700;line-height:0.7;padding:2.4rem 1rem;margin:0;font-size:3rem;}",
          }
        }
        data-emotion="css xrebjd-sum"
      />
      <p
        className="display__main_currency css-xrebjd-sum"
      >
        0$
      </p>
    </div>
    <style
      dangerouslySetInnerHTML={
        Object {
          "__html": ".css-1049tpi-mainContainer{margin-top:1.6rem;margin-bottom:1rem;min-height:3rem;display:-webkit-box;display:-webkit-flex;display:-ms-flexbox;display:flex;width:100%;-webkit-box-pack:space-around;-ms-flex-pack:space-around;-webkit-justify-content:space-around;justify-content:space-around;}",
        }
      }
      data-emotion="css 1049tpi-mainContainer"
    />
    <div
      className="css-1049tpi-mainContainer"
    >
      <style
        dangerouslySetInnerHTML={
          Object {
            "__html": ".css-12usrtx-subCurrencyContainer{display:-webkit-box;display:-webkit-flex;display:-ms-flexbox;display:flex;-webkit-flex-direction:column;-ms-flex-direction:column;flex-direction:column;-webkit-align-items:center;-webkit-box-align:center;-ms-flex-align:center;align-items:center;}",
          }
        }
        data-emotion="css 12usrtx-subCurrencyContainer"
      />
      <div
        className="css-12usrtx-subCurrencyContainer"
      >
        <style
          dangerouslySetInnerHTML={
            Object {
              "__html": ".css-1dqj790-subCurrencyTitlte{color:#5599ec;font-size:0.8rem;}",
            }
          }
          data-emotion="css 1dqj790-subCurrencyTitlte"
        />
        <div
          className="css-1dqj790-subCurrencyTitlte"
        >
          EUR
        </div>
        <style
          dangerouslySetInnerHTML={
            Object {
              "__html": ".css-1ycuj40-subCurrencySum{margin-top:0.4rem;font-weight:700;}",
            }
          }
          data-emotion="css 1ycuj40-subCurrencySum"
        />
        <div
          className="css-1ycuj40-subCurrencySum"
        >
          0
        </div>
      </div>
      <div
        className="css-12usrtx-subCurrencyContainer"
      >
        <div
          className="css-1dqj790-subCurrencyTitlte"
        >
          UAH
        </div>
        <div
          className="css-1ycuj40-subCurrencySum"
        >
          0
        </div>
      </div>
      <div
        className="css-12usrtx-subCurrencyContainer"
      >
        <div
          className="css-1dqj790-subCurrencyTitlte"
        >
          RUB
        </div>
        <div
          className="css-1ycuj40-subCurrencySum"
        >
          0
        </div>
      </div>
    </div>
    <style
      dangerouslySetInnerHTML={
        Object {
          "__html": ".css-f8yb8i-ratesContainer{background-color:#171d3d;width:100%;position:absolute;display:-webkit-box;display:-webkit-flex;display:-ms-flexbox;display:flex;-webkit-box-pack:center;-ms-flex-pack:center;-webkit-justify-content:center;justify-content:center;border-radius:0 0 0.4rem 0.4rem;bottom:0;}",
        }
      }
      data-emotion="css f8yb8i-ratesContainer"
    />
    <div
      className="css-f8yb8i-ratesContainer"
    >
      <style
        dangerouslySetInnerHTML={
          Object {
            "__html": ".css-1igk2rh-rateText{font-size:0.8rem;line-height:0.5;}",
          }
        }
        data-emotion="css 1igk2rh-rateText"
      />
      <p
        className="css-1igk2rh-rateText"
      >
        €1.0000
        <style
          dangerouslySetInnerHTML={
            Object {
              "__html": ".css-1l4xdq4-ratesDelimiter{color:#5599ec;margin:0 0.6rem;}",
            }
          }
          data-emotion="css 1l4xdq4-ratesDelimiter"
        />
        <span
          className="css-1l4xdq4-ratesDelimiter"
        >
          /
        </span>
      </p>
      <p
        className="css-1igk2rh-rateText"
      >
        ₴1.0000
        <span
          className="css-1l4xdq4-ratesDelimiter"
        >
          /
        </span>
      </p>
      <p
        className="css-1igk2rh-rateText"
      >
        ₽1.0000
      </p>
    </div>
  </div>,
]
`;
